Expo Autolinking module resolution enabled
Starting Metro Bundler

 WARN  Attempted to import the module "/home/nate/Oxy/Willo/.worktrees/1519-final-sdk-adoption-20261003/node_modules/@noble/hashes/crypto.js" which is not listed in the "exports" of "/home/nate/Oxy/Willo/.worktrees/1519-final-sdk-adoption-20261003/node_modules/@noble/hashes" under the requested subpath "./crypto.js". Falling back to file-based resolution. Consider updating the call site or asking the package maintainer(s) to expose this API.
Web Bundled 12375ms node_modules/expo-router/entry.js (3084 modules)

› Assets (41):
../../node_modules/@expo/vector-icons/build/vendor/react-native-vector-icons/Fonts/Ionicons.b4eb097d35f44ed943676fd56f6bdc51.ttf (390KB)
../../node_modules/@oxy.so/bloom/lib/module/fonts/assets/BlomusModernus-Bold.c8e4c906b137ccc90f9aa1fbccbe85b2.woff2 (78KB)
../../node_modules/@oxy.so/bloom/lib/module/fonts/assets/BlomusModernus-Regular.6a898c26aeb50e6f31189d06dd2bf3e9.woff2 (78KB)
../../node_modules/@oxy.so/bloom/lib/module/fonts/assets/InterVariable.260c81a4759baf163c025001c4f27872.woff2 (48KB)
../../node_modules/@oxy.so/bloom/lib/module/fonts/assets/JetBrainsMono-Variable.b058178d7f309414f8f856b99fd80d9b.woff2 (40KB)
../../node_modules/@oxy.so/services/lib/module/assets/fonts/icons/OxyServicesIonicons.48b1d8ee549a265d0c1aa67fed7fbca2.ttf (43KB)
../../node_modules/@oxy.so/services/lib/module/assets/fonts/icons/OxyServicesMaterialCommunityIcons.88d575089a17d9d10e08c411fd7105ba.ttf (29KB)
../../node_modules/@oxy.so/services/lib/module/assets/signIn/slide-1.b29a38b76e9e9e426cc152c3a1a56a73.jpg (102KB)
../../node_modules/@oxy.so/services/lib/module/assets/signIn/slide-2.045f767e731a6b2801ce1ea8dbda92f5.jpg (88KB)
../../node_modules/@oxy.so/services/lib/module/assets/signIn/slide-3.32a001447e68adf690be104bddcce0ef.jpg (59KB)
../../node_modules/@oxy.so/services/lib/module/assets/signIn/slide-4.1de81f0781c3c99c5615d0ec8eb5dee6.jpg (47KB)
../../node_modules/expo-router/assets/arrow_down.017bc6ba3fc25503e5eb5e53826d48a8.png (9.5KB)
../../node_modules/expo-router/assets/error.d1ea1496f9057eb392d5bbf3732a61b7.png (469B)
../../node_modules/expo-router/assets/file.19eeb73b9593a38f8e9f418337fc7d10.png (138B)
../../node_modules/expo-router/assets/forward.d8b800c443b8972542883e0b9de2bdc6.png (188B)
../../node_modules/expo-router/assets/pkg.ab19f4cbc543357183a20571f68380a3.png (364B)
../../node_modules/expo-router/assets/react-navigation/elements/back-icon-mask.0a328cd9c1afd0afe8e3b1ec5165b1b4.png (653B)
../../node_modules/expo-router/assets/react-navigation/elements/back-icon.35ba0eaec5a4f5ed12ca16fabeae451d.png (207B)
../../node_modules/expo-router/assets/react-navigation/elements/clear-icon.c94f6478e7ae0cdd9f15de1fcb9e5e55.png (4 variations | 425B)
../../node_modules/expo-router/assets/react-navigation/elements/close-icon.808e1b1b9b53114ec2838071a7e6daa7.png (4 variations | 235B)
../../node_modules/expo-router/assets/react-navigation/elements/search-icon.286d67d3f74808a60a78d3ebf1a5fb57.png (928B)
../../node_modules/expo-router/assets/sitemap.412dd9275b6b48ad28f5e3d81bb1f626.png (465B)
../../node_modules/expo-router/assets/unmatched.20e71bdf79e3a97bf55fd9e164041578.png (4.8KB)
assets/avatar.5e1c4acf52be99a2d0e44a463a81a893.jpg (3.5KB)
assets/delivery.8d8f118c7e91b820a6c35a85d1d991d7.jpg (5.1KB)
assets/flowers.e751ccf2d4312e5ee2c3e0324bed96e9.jpg (7.9KB)
assets/garden-event-2.de7c708f87241b2f6b946be6fc40f217.jpg (8.3KB)
assets/garden-event-3.d8fbb72a8448627f9efa5863275c6f48.jpg (8.2KB)
assets/garden-event.31ad5b569c6dbad95fb1f9f3c942a171.jpg (9KB)
assets/garden.b58c904183ac25402a9ecd867ecd2196.jpg (401KB)
assets/living-room.d12fd832bb080b35504f2abe7b771926.jpg (2.7MB)
assets/rabbit-plants.c801726823fe5e09d6d6d0a3a7d4d796.jpg (8KB)
assets/rabbit.37d819d3e46df030abe86b248a1fb84a.jpg (7.5KB)
assets/ui-preview/garden.5dfc4364e780ff2331dde5f25715284a.webp (1.5KB)
assets/ui-preview/living-room.c48c4814ae1426de343e8c1a3b6da4ec.webp (6.3KB)

› web bundles (74):
_expo/static/css/global-192fe600de2ef8b97375eb8f7d9f9172.css (62KB)
_expo/static/js/web/__common-1077bcdf31fda30bf4c38893aa223a4c.js (80KB)
_expo/static/js/web/__expo-metro-runtime-beff96064147bde5b1983fe629d44cbe.js (3.8KB)
_expo/static/js/web/AccountMembersScreen-3cc607365aa70f5e1557d0bcfe21e820.js (10KB)
_expo/static/js/web/AccountSettingsScreen-3f7eb67cd105e387b624a32d79b6740a.js (6KB)
_expo/static/js/web/AccountVerificationScreen-e649b37828031f0c9b0482f590c1b38f.js (7.3KB)
_expo/static/js/web/AppInfoScreen-3eba4bba6aa4d71f828405b66bbbca23.js (12KB)
_expo/static/js/web/ar-cc364c657f47e4ef27b5d7d679639d00.js (178KB)
_expo/static/js/web/ar-SA-586ec45500f7227615e73312e2abbce4.js (35KB)
_expo/static/js/web/AvatarCropScreen-128a9a9c87ec9bb9055594230b758a25.js (21KB)
_expo/static/js/web/bn-a509828b6347087a467305c6cf2f2bec.js (173KB)
_expo/static/js/web/ca-7f9482f8c7167b25eb3baaf7d92f2355.js (67KB)
_expo/static/js/web/ca-ES-74062bf8b91547247aaeb826a4900f3a.js (13KB)
_expo/static/js/web/ChangeAvatarScreen-857714a03ca0b83ee5c3fa8f39cafab4.js (4.3KB)
_expo/static/js/web/ConnectedAppsScreen-4a0443cf439b37c94ba97775e7a5231d.js (3.1KB)
_expo/static/js/web/CreateAccountScreen-575f0ceb2b577aa66333d1fea1ea3588.js (7.5KB)
_expo/static/js/web/de-487a4171ab14dc7f4bd821ec04449fd7.js (66KB)
_expo/static/js/web/de-DE-205c1b885a7dad2c3ac0a8ce9e0f7dbd.js (14KB)
_expo/static/js/web/DeleteAccountScreen-3fb0d05c05e295234bf1ce0e9f40c815.js (348B)
_expo/static/js/web/DomainsScreen-5d78d40e600a8ff6aa01b58ebb75791a.js (4.4KB)
_expo/static/js/web/EditProfileFieldScreen-eb0f6df2782082ef389c0f27e8b05621.js (31KB)
_expo/static/js/web/EditProfileScreen-e7c098d459f5ccf46aae36117a90b57f.js (3.5KB)
_expo/static/js/web/entry-b3c15fe151553fe2c64c430e2bf693da.js (5.9MB)
_expo/static/js/web/es-b3be17f577d8e8f56b433ea7a8d514c2.js (67KB)
_expo/static/js/web/es-ES-1d86a21a20a855ba13991d27f57b9209.js (67KB)
_expo/static/js/web/FileManagementScreen-3185a928467b54b9b30bb7c6d745648c.js (65KB)
_expo/static/js/web/FollowersListScreen-ddd3a9a08fee30fbe9eb0edc394bdcad.js (312B)
_expo/static/js/web/FollowingListScreen-74243040a7a36d644b3f9862c38c401e.js (312B)
_expo/static/js/web/fr-02cbced5963381b6028a8e22e332db7b.js (70KB)
_expo/static/js/web/fr-FR-4db40d2b4116db6394372594c14605d8.js (14KB)
_expo/static/js/web/HelpSupportScreen-afc39fa4c850d034ae7fe26703915334.js (2.9KB)
_expo/static/js/web/hi-966aa2955d306b066e6c9bd1f0cb2c3a.js (168KB)
_expo/static/js/web/HistoryViewScreen-2590673f35c68b6d4e6a6d0a42899e05.js (3.9KB)
_expo/static/js/web/id-d0b1500ae00ebc706039c826168aecdf.js (61KB)
_expo/static/js/web/ImagePicker-afbbcd13fefe07468f972482cc12e87a.js (8.6KB)
_expo/static/js/web/index-0f543baf5d6dcced4ff86af5b60d85f7.js (45KB)
_expo/static/js/web/index-1db3cbc6680bdef03546be045844b065.js (13KB)
_expo/static/js/web/index-c44b2e6fae8c8ab01e9fe072e64e317f.js (12KB)
_expo/static/js/web/index-e6fe5a3d6a58a436e10bc7f2d1b10b33.js (4KB)
_expo/static/js/web/index-f782a20644cb33407aa4199be5004713.js (2.1KB)
_expo/static/js/web/internal-49493538a3e7e8dd48f72f4aef5f9e3b.js (2.4KB)
_expo/static/js/web/it-b7ae2e0e33def750715d77a17c075d7d.js (65KB)
_expo/static/js/web/it-IT-5063b6cdf6c8068d6c6f24c11d97ab05.js (13KB)
_expo/static/js/web/ja-df18bebc5b17aa1983a3562ceac6c41f.js (104KB)
_expo/static/js/web/ja-JP-8dd2f1f81eb23a2cd2609a26e790c514.js (26KB)
_expo/static/js/web/ko-KR-e82b0b32c4f66846613390d920fb985a.js (21KB)
_expo/static/js/web/LanguageSelectorScreen-3c16c3bdca73a94ccaf141be070ab522.js (3.6KB)
_expo/static/js/web/LearnMoreUsernamesScreen-ad429daba1d9368f7b1f9e5bd9b1efcf.js (4.7KB)
_expo/static/js/web/LegalDocumentsScreen-a7ca890580fff9bed5bc5f70fc882fd5.js (4.4KB)
_expo/static/js/web/LinkCommonsScreen-693e79682b754099465755c5b8b3a61d.js (313B)
_expo/static/js/web/ManageAccountScreen-cbe629a3c379c1c6f9daf62f1b6696e1.js (21KB)
_expo/static/js/web/NotificationsScreen-60cb3837039e35b5ec2975e4bfb632af.js (3.2KB)
_expo/static/js/web/OxyAccountDialogScreen-868f14598b8d1de649eb9bab9f8843c8.js (43KB)
_expo/static/js/web/PaymentGatewayScreen-c507d2e8b5723dba933271c91a210e89.js (29KB)
_expo/static/js/web/PreferencesScreen-31f489e9c89bde6df2ef3f2144e611c5.js (3.4KB)
_expo/static/js/web/PrivacySettingsScreen-441c15c3c78d4c4d6553126ed4f5e864.js (12KB)
_expo/static/js/web/ProfileScreen-c84164db81a3490119c92c4ed0468204.js (8.3KB)
_expo/static/js/web/pt-9f35e61d11733550a02a8b0cbcadb06e.js (67KB)
_expo/static/js/web/pt-PT-dcaab049c965f17b86d4d876fd45c7e8.js (14KB)
_expo/static/js/web/ru-30d1cfb0e47e0af4832482eb989bdcb6.js (199KB)
_expo/static/js/web/SearchSettingsScreen-a115530d2b59091f26fed7e31be6dac6.js (2.5KB)
_expo/static/js/web/SignInAuthenticatorScreen-a03e60edc61edc6383ffeb90890bff6b.js (315B)
_expo/static/js/web/SignInPasswordScreen-82e0007314796673af948e7357a683a6.js (355B)
_expo/static/js/web/tr-4b79331c209342dd634bbef50f32ade0.js (71KB)
_expo/static/js/web/TrustAboutScreen-eba724ca4dec5f227159ef61ff83304f.js (5KB)
_expo/static/js/web/TrustCenterScreen-6e3dfee309ab1cbb8932d72161c73a8d.js (4.4KB)
_expo/static/js/web/TrustFAQScreen-f216260fbc823eb0fe785bbfb3103d20.js (1.8KB)
_expo/static/js/web/TrustLeaderboardScreen-5d7d57d046324d3f660a67cc4105d453.js (4.3KB)
_expo/static/js/web/TrustRewardsScreen-601dff48849c7dca87433f8da52974db.js (9.4KB)
_expo/static/js/web/TrustRulesScreen-40d59c9f1a9d844b00667eb2c4e93036.js (2.2KB)
_expo/static/js/web/UserLinksScreen-8832f653070041e74b09bc6a01657cf1.js (1KB)
_expo/static/js/web/WelcomeNewUserScreen-7ca9df605aa748a58014e976f40ba463.js (8.6KB)
_expo/static/js/web/zh-6d99cd643c3ec7dbedd25884448865c7.js (81KB)
_expo/static/js/web/zh-CN-84c9ce2b5b2e1852112d959d47106ab6.js (18KB)

› Files (2):
index.html (1.6KB)
metadata.json (49B)

Exported: dist
