$ bun test src --test-name-pattern "candidate SDK receiver authority"
bun test v1.4.2 (744846f84)

src/__tests__/receiverSdk.test.ts:
2026-10-03T17:10:14.890Z WARN [oxy.auth] refused SESSION_REQUIRED: User access token is not bound to a session {
  component: "auth",
  method: "auth",
  code: "SESSION_REQUIRED",
  stage: "token",
  reason: "User access token is not bound to a session",
  status: 401,
  optional: true,
  path: "/owned-fixture",
}
2026-10-03T17:10:14.890Z WARN [oxy.auth] 401 after refusal SESSION_REQUIRED: User access token is not bound to a session {
  component: "auth",
  method: "requireOxyAuth",
  code: "SESSION_REQUIRED",
  stage: "token",
  reason: "User access token is not bound to a session",
}
(pass) candidate SDK receiver authority > refuses missing and sessionless bearers before the protected handler [6.66ms]
2026-10-03T17:10:14.894Z WARN [oxy.auth] Token rejected — claimed user does not own the session {
  component: "auth",
  method: "auth",
  claimedUserId: "other-owner",
  validatedUserId: "receiver-owner",
}
2026-10-03T17:10:14.894Z WARN [oxy.auth] refused SESSION_USER_MISMATCH: Token user claim does not own the presented session {
  component: "auth",
  method: "auth",
  code: "SESSION_USER_MISMATCH",
  stage: "session",
  reason: "Token user claim does not own the presented session",
  status: 401,
  optional: true,
  path: "/owned-fixture",
}
2026-10-03T17:10:14.894Z WARN [oxy.auth] 401 after refusal SESSION_USER_MISMATCH: Token user claim does not own the presented session {
  component: "auth",
  method: "requireOxyAuth",
  code: "SESSION_USER_MISMATCH",
  stage: "session",
  reason: "Token user claim does not own the presented session",
}
(pass) candidate SDK receiver authority > uses the live validated owner and rejects a conflicting token claim [4.41ms]
2026-10-03T17:10:14.896Z WARN [oxy.auth] refused INVALID_SESSION: Session is invalid, revoked or expired {
  component: "auth",
  method: "auth",
  code: "INVALID_SESSION",
  stage: "session",
  reason: "Session is invalid, revoked or expired",
  status: 401,
  optional: true,
  path: "/owned-fixture",
}
2026-10-03T17:10:14.896Z WARN [oxy.auth] 401 after refusal INVALID_SESSION: Session is invalid, revoked or expired {
  component: "auth",
  method: "requireOxyAuth",
  code: "INVALID_SESSION",
  stage: "session",
  reason: "Session is invalid, revoked or expired",
}
(pass) candidate SDK receiver authority > revalidates on the next call and refuses revocation without a cached admit [1.91ms]

src/__tests__/ecosystemActivity.test.ts:

src/services/__tests__/deviceClaim.service.test.ts:

src/services/__tests__/homeEvents.service.test.ts:

src/services/__tests__/homeTunnel.service.test.ts:

src/services/__tests__/homeMembers.service.test.ts:

src/services/__tests__/homeDevices.service.test.ts:

src/services/__tests__/homes.service.test.ts:

 3 pass
 46 filtered out
 0 fail
 11 expect() calls
Ran 3 tests across 8 files. [138.00ms]
